// Jest Snapshot v1, https://goo.gl/fbAQLP

exports[`DateTimePicker given a component for android / iOS renders a component (iOS) / null (android) 1`] = `
<RNDateTimePicker
  date={1376949600000}
  displayIOS="default"
  enabled={true}
  mode="date"
  onChange={[Function]}
  onPickerDismiss={[Function]}
  onResponderTerminationRequest={[Function]}
  onStartShouldSetResponder={[Function]}
/>
`;

exports[`DateTimePicker given a component for android / iOS renders a component (iOS) / null (android) 2`] = `null`;

exports[`DateTimePicker namedExports have the expected shape 1`] = `
{
  "DateTimePickerAndroid": {
    "dismiss": [Function],
    "open": [Function],
  },
  "createDateTimeSetEvtParams": [Function],
  "createDismissEvtParams": [Function],
  "createNeutralEvtParams": [Function],
  "default": [Function],
}
`;
