// Jest Snapshot v1, https://goo.gl/fbAQLP

exports[`renders a DatePicker by default 1`] = `
<View>
  <RNDateTimePicker
    date={1376949600000}
    mode="time"
    onChange={[Function]}
    onResponderTerminationRequest={[Function]}
    onStartShouldSetResponder={[Function]}
    style={
      Object {
        "height": 216,
      }
    }
  />
</View>
`;
